============================= test session starts =============================
platform win32 -- Python 3.10.11, pytest-9.0.2, pluggy-1.6.0
rootdir: C:\Users\hendr\OneDrive\Documentos\Downloads-Claude\fashion-pattern-ai
configfile: pytest.ini
plugins: anyio-4.12.1, asyncio-1.3.0
asyncio: mode=auto, debug=False, asyncio_default_fixture_loop_scope=function, asyncio_default_test_loop_scope=function
collected 84 items

tests\test_diagram_builder.py ........                                   [  9%]
tests\test_ease_calculator.py ............                               [ 23%]
tests\test_grading.py ........                                           [ 33%]
tests\test_main.py ....................